2026-10-08 10:28:01 - INFO - [main.py:848] --> Start Application
2026-10-08 10:28:06 - INFO - [data_service.py:24] --> Connecting to SFTP server 10.239.73.213:22...
2026-10-08 10:28:07 - INFO - [data_service.py:32] --> Connected SFTP successfully.
2026-10-08 10:28:30 - ERROR - [data_service.py:160] --> SFTP Uploading directory error (C:\Users\FIH): [Errno 13] Permission denied: 'C:\\Users\\FIH\\NTUSER.DAT'
2026-10-08 10:28:58 - INFO - [toolkits.py:60] --> Closing ClientView...
2026-10-08 10:28:58 - INFO - [data_service.py:231] --> Closed SFTP connection.
2026-10-08 10:28:58 - ERROR - [data_service.py:130] --> SFTP Uploading file error (C:\Users\FIH\Desktop\log\0004.zip): Socket is closed
2026-10-08 10:29:04 - INFO - [data_service.py:24] --> Connecting to SFTP server 10.239.73.213:22...
2026-10-08 10:29:06 - INFO - [data_service.py:32] --> Connected SFTP successfully.
2026-10-08 10:29:15 - INFO - [data_service.py:127] --> SFTP Uploaded File: C:\Users\FIH\Desktop\BẢNG ĐỘNG TỪ BẤT QUY TẮC-ILA.pdf -> /.Enzo/BẢNG ĐỘNG TỪ BẤT QUY TẮC-ILA.pdf
2026-10-08 10:29:32 - INFO - [toolkits.py:60] --> Closing ClientView...
2026-10-08 10:29:32 - INFO - [data_service.py:231] --> Closed SFTP connection.
2026-10-08 10:30:23 - INFO - [main.py:848] --> Start Application
2026-10-08 10:30:26 - INFO - [data_service.py:24] --> Connecting to SFTP server 10.239.73.213:22...
2026-10-08 10:30:27 - INFO - [data_service.py:32] --> Connected SFTP successfully.
2026-10-08 10:30:35 - INFO - [toolkits.py:60] --> Closing ClientView...
2026-10-08 10:30:35 - INFO - [data_service.py:231] --> Closed SFTP connection.
2026-10-08 10:31:06 - INFO - [main.py:848] --> Start Application
2026-10-08 10:31:28 - INFO - [data_service.py:24] --> Connecting to SFTP server 10.239.73.213:22...
2026-10-08 10:31:29 - INFO - [data_service.py:32] --> Connected SFTP successfully.
2026-10-08 10:31:44 - INFO - [toolkits.py:60] --> Closing ClientView...
2026-10-08 10:31:44 - INFO - [data_service.py:231] --> Closed SFTP connection.
2026-10-08 10:33:18 - INFO - [main.py:848] --> Start Application
2026-10-08 10:33:48 - INFO - [main.py:848] --> Start Application
2026-10-08 10:34:58 - INFO - [main.py:848] --> Start Application
2026-10-08 10:35:01 - INFO - [data_service.py:24] --> Connecting to SFTP server 10.239.73.213:22...
2026-10-08 10:35:03 - INFO - [data_service.py:32] --> Connected SFTP successfully.
2026-10-08 10:37:05 - INFO - [main.py:848] --> Start Application
2026-10-08 10:37:07 - INFO - [data_service.py:24] --> Connecting to SFTP server 10.239.73.213:22...
2026-10-08 10:37:09 - INFO - [data_service.py:32] --> Connected SFTP successfully.
2026-10-08 10:37:35 - INFO - [data_service.py:127] --> SFTP Uploaded File: C:\Users\FIH\Desktop\audio_crr\4CS4_FVN-E1F3-G03_FATP-AUDIO_BJ26A-03_63130DLKY0000H_GRR_PASS_0-0_1778845458621.csv -> /4CS4_FVN-E1F3-G03_FATP-AUDIO_BJ26A-03_63130DLKY0000H_GRR_PASS_0-0_1778845458621.csv
2026-10-08 10:37:38 - INFO - [toolkits.py:60] --> Closing ClientView...
2026-10-08 10:37:38 - INFO - [data_service.py:231] --> Closed SFTP connection.
2026-10-08 10:40:00 - INFO - [main.py:848] --> Start Application
2026-10-08 10:40:04 - INFO - [data_service.py:24] --> Connecting to SFTP server 10.239.73.213:22...
2026-10-08 10:40:05 - INFO - [data_service.py:32] --> Connected SFTP successfully.
2026-10-08 10:40:16 - INFO - [data_service.py:182] --> SFTP Downloaded File: /.Enzo/4CS4_FVN-E1F3-G03_FATP-AUDIO_BJ26A-03_63130DLKY0000H_GRR_PASS_0-0_1778845082890.csv -> C:/Users/FIH/Downloads\4CS4_FVN-E1F3-G03_FATP-AUDIO_BJ26A-03_63130DLKY0000H_GRR_PASS_0-0_1778845082890.csv
2026-10-08 10:40:33 - INFO - [toolkits.py:60] --> Closing ClientView...
2026-10-08 10:40:33 - INFO - [data_service.py:231] --> Closed SFTP connection.
2026-10-08 10:40:33 - ERROR - [data_service.py:211] --> SFTP Downloading directory error (/.Enzo): Server connection dropped: 
